[    4775ms] [WARNING] Image with src "http://localhost:3001/vercel.svg" has either width or height modified, but not the other. If you use CSS to change the size of your image, also include the styles 'width: "auto"' or 'height: "auto"' to maintain the aspect ratio. @ http://localhost:3001/_next/static/chunks/82dd4_next_dist_33f429fe._.js:2297
[    4964ms] [ERROR] Access to resource at 'https://m5se0hpq.api.sanity.io/v2026-03-02/data/live/events/production?tag=next-loader.live' from origin 'http://localhost:3001' has been blocked by CORS policy: No 'Access-Control-Allow-Origin' header is present on the requested resource. @ http://localhost:3001/:0
[    4965ms] [ERROR] Failed to load resource: net::ERR_FAILED @ https://m5se0hpq.api.sanity.io/v2026-03-02/data/live/events/production?tag=next-loader.live:0
[    5024ms] [ERROR] Access to fetch at 'https://m5se0hpq.api.sanity.io/v2026-03-02/data/live/events/production?tag=next-loader.live' from origin 'http://localhost:3001' has been blocked by CORS policy: Response to preflight request doesn't pass access control check: No 'Access-Control-Allow-Origin' header is present on the requested resource. @ http://localhost:3001/:0
[    5025ms] [ERROR] Failed to load resource: net::ERR_FAILED @ https://m5se0hpq.api.sanity.io/v2026-03-02/data/live/events/production?tag=next-loader.live:0
[    5096ms] [ERROR] Access to fetch at 'https://m5se0hpq.api.sanity.io/v2026-03-02/data/live/events/production?tag=next-loader.live' from origin 'http://localhost:3001' has been blocked by CORS policy: Response to preflight request doesn't pass access control check: No 'Access-Control-Allow-Origin' header is present on the requested resource. @ http://localhost:3001/:0
[    5096ms] [ERROR] Failed to load resource: net::ERR_FAILED @ https://m5se0hpq.api.sanity.io/v2026-03-02/data/live/events/production?tag=next-loader.live:0
[    5097ms] [WARNING] Sanity Live is unable to connect to the Sanity API as the current origin - http://localhost:3001 - is not in the list of allowed CORS origins for this Sanity Project. Add it here: https://sanity.io/manage/project/m5se0hpq/api?cors=add&origin=http%3A%2F%2Flocalhost%3A3001 @ http://localhost:3001/_next/static/chunks/82dd4_next_dist_33f429fe._.js:2297
[   93939ms] [ERROR] WebSocket connection to 'ws://localhost:3001/_next/webpack-hmr?id=WNua9FllncYHmt1useep7' failed: Error in connection establishment: net::ERR_CONNECTION_REFUSED @ http://localhost:3001/_next/static/chunks/82dd4_next_dist_client_ca32906e._.js:10878
[   94943ms] [ERROR] WebSocket connection to 'ws://localhost:3001/_next/webpack-hmr?id=WNua9FllncYHmt1useep7' failed: Error in connection establishment: net::ERR_CONNECTION_REFUSED @ http://localhost:3001/_next/static/chunks/82dd4_next_dist_client_ca32906e._.js:10878
[   95953ms] [ERROR] WebSocket connection to 'ws://localhost:3001/_next/webpack-hmr?id=WNua9FllncYHmt1useep7' failed: Error in connection establishment: net::ERR_CONNECTION_REFUSED @ http://localhost:3001/_next/static/chunks/82dd4_next_dist_client_ca32906e._.js:10878
[   96957ms] [ERROR] WebSocket connection to 'ws://localhost:3001/_next/webpack-hmr?id=WNua9FllncYHmt1useep7' failed: Error in connection establishment: net::ERR_CONNECTION_REFUSED @ http://localhost:3001/_next/static/chunks/82dd4_next_dist_client_ca32906e._.js:10878
[   97960ms] [ERROR] WebSocket connection to 'ws://localhost:3001/_next/webpack-hmr?id=WNua9FllncYHmt1useep7' failed: Error in connection establishment: net::ERR_CONNECTION_REFUSED @ http://localhost:3001/_next/static/chunks/82dd4_next_dist_client_ca32906e._.js:10878
[  102965ms] [ERROR] WebSocket connection to 'ws://localhost:3001/_next/webpack-hmr?id=WNua9FllncYHmt1useep7' failed: Error in connection establishment: net::ERR_CONNECTION_REFUSED @ http://localhost:3001/_next/static/chunks/82dd4_next_dist_client_ca32906e._.js:10878
[  107974ms] [ERROR] WebSocket connection to 'ws://localhost:3001/_next/webpack-hmr?id=WNua9FllncYHmt1useep7' failed: Error in connection establishment: net::ERR_CONNECTION_REFUSED @ http://localhost:3001/_next/static/chunks/82dd4_next_dist_client_ca32906e._.js:10878
[  112985ms] [ERROR] WebSocket connection to 'ws://localhost:3001/_next/webpack-hmr?id=WNua9FllncYHmt1useep7' failed: Error in connection establishment: net::ERR_CONNECTION_REFUSED @ http://localhost:3001/_next/static/chunks/82dd4_next_dist_client_ca32906e._.js:10878
[  117995ms] [ERROR] WebSocket connection to 'ws://localhost:3001/_next/webpack-hmr?id=WNua9FllncYHmt1useep7' failed: Error in connection establishment: net::ERR_CONNECTION_REFUSED @ http://localhost:3001/_next/static/chunks/82dd4_next_dist_client_ca32906e._.js:10878
[  123011ms] [ERROR] WebSocket connection to 'ws://localhost:3001/_next/webpack-hmr?id=WNua9FllncYHmt1useep7' failed: Error in connection establishment: net::ERR_CONNECTION_REFUSED @ http://localhost:3001/_next/static/chunks/82dd4_next_dist_client_ca32906e._.js:10878
[  128030ms] [ERROR] WebSocket connection to 'ws://localhost:3001/_next/webpack-hmr?id=WNua9FllncYHmt1useep7' failed: Error in connection establishment: net::ERR_CONNECTION_REFUSED @ http://localhost:3001/_next/static/chunks/82dd4_next_dist_client_ca32906e._.js:10878
[  133043ms] [ERROR] WebSocket connection to 'ws://localhost:3001/_next/webpack-hmr?id=WNua9FllncYHmt1useep7' failed: Error in connection establishment: net::ERR_CONNECTION_REFUSED @ http://localhost:3001/_next/static/chunks/82dd4_next_dist_client_ca32906e._.js:10878
